# serializer version: 1
# name: test_weights_biases_log_matches_snapshot
  list([
    dict({
      'component_0/train/learned_neuron_activity/dead_over_10_activations': tensor(0),
      'component_1/train/learned_neuron_activity/dead_over_10_activations': tensor(0),
      'component_2/train/learned_neuron_activity/dead_over_10_activations': tensor(0),
      'component_3/train/learned_neuron_activity/dead_over_10_activations': tensor(0),
      'component_4/train/learned_neuron_activity/dead_over_10_activations': tensor(0),
      'component_5/train/learned_neuron_activity/dead_over_10_activations': tensor(0),
      'train/learned_neuron_activity/dead_over_10_activations/component_mean': tensor(0.),
    }),
    dict({
      'component_0/train/learned_neuron_activity/alive_over_10_activations': tensor(8),
      'component_1/train/learned_neuron_activity/alive_over_10_activations': tensor(8),
      'component_2/train/learned_neuron_activity/alive_over_10_activations': tensor(8),
      'component_3/train/learned_neuron_activity/alive_over_10_activations': tensor(8),
      'component_4/train/learned_neuron_activity/alive_over_10_activations': tensor(8),
      'component_5/train/learned_neuron_activity/alive_over_10_activations': tensor(8),
      'train/learned_neuron_activity/alive_over_10_activations/component_mean': tensor(8.),
    }),
    dict({
      'component_0/train/learned_neuron_activity/activity_histogram_over_10_activations': Histogram(
        MAX_LENGTH=512,
        bins=list([
          9.5,
          9.6,
          9.7,
          9.8,
          9.9,
          10.0,
          10.1,
          10.2,
          10.3,
          10.4,
          10.5,
        ]),
        histogram=list([
          0,
          0,
          0,
          0,
          0,
          8,
          0,
          0,
          0,
          0,
        ]),
      ),
      'component_1/train/learned_neuron_activity/activity_histogram_over_10_activations': Histogram(
        MAX_LENGTH=512,
        bins=list([
          9.5,
          9.6,
          9.7,
          9.8,
          9.9,
          10.0,
          10.1,
          10.2,
          10.3,
          10.4,
          10.5,
        ]),
        histogram=list([
          0,
          0,
          0,
          0,
          0,
          8,
          0,
          0,
          0,
          0,
        ]),
      ),
      'component_2/train/learned_neuron_activity/activity_histogram_over_10_activations': Histogram(
        MAX_LENGTH=512,
        bins=list([
          9.5,
          9.6,
          9.7,
          9.8,
          9.9,
          10.0,
          10.1,
          10.2,
          10.3,
          10.4,
          10.5,
        ]),
        histogram=list([
          0,
          0,
          0,
          0,
          0,
          8,
          0,
          0,
          0,
          0,
        ]),
      ),
      'component_3/train/learned_neuron_activity/activity_histogram_over_10_activations': Histogram(
        MAX_LENGTH=512,
        bins=list([
          9.5,
          9.6,
          9.7,
          9.8,
          9.9,
          10.0,
          10.1,
          10.2,
          10.3,
          10.4,
          10.5,
        ]),
        histogram=list([
          0,
          0,
          0,
          0,
          0,
          8,
          0,
          0,
          0,
          0,
        ]),
      ),
      'component_4/train/learned_neuron_activity/activity_histogram_over_10_activations': Histogram(
        MAX_LENGTH=512,
        bins=list([
          9.5,
          9.6,
          9.7,
          9.8,
          9.9,
          10.0,
          10.1,
          10.2,
          10.3,
          10.4,
          10.5,
        ]),
        histogram=list([
          0,
          0,
          0,
          0,
          0,
          8,
          0,
          0,
          0,
          0,
        ]),
      ),
      'component_5/train/learned_neuron_activity/activity_histogram_over_10_activations': Histogram(
        MAX_LENGTH=512,
        bins=list([
          9.5,
          9.6,
          9.7,
          9.8,
          9.9,
          10.0,
          10.1,
          10.2,
          10.3,
          10.4,
          10.5,
        ]),
        histogram=list([
          0,
          0,
          0,
          0,
          0,
          8,
          0,
          0,
          0,
          0,
        ]),
      ),
    }),
    dict({
      'component_0/train/learned_neuron_activity/log_activity_histogram_over_10_activations': Histogram(
        MAX_LENGTH=512,
        bins=list([
          1.8125355243682861,
          1.912535548210144,
          2.012535572052002,
          2.1125354766845703,
          2.2125356197357178,
          2.312535524368286,
          2.4125354290008545,
          2.512535572052002,
          2.6125354766845703,
          2.7125356197357178,
          2.812535524368286,
        ]),
        histogram=list([
          0,
          0,
          0,
          0,
          0,
          8,
          0,
          0,
          0,
          0,
        ]),
      ),
      'component_1/train/learned_neuron_activity/log_activity_histogram_over_10_activations': Histogram(
        MAX_LENGTH=512,
        bins=list([
          1.8125355243682861,
          1.912535548210144,
          2.012535572052002,
          2.1125354766845703,
          2.2125356197357178,
          2.312535524368286,
          2.4125354290008545,
          2.512535572052002,
          2.6125354766845703,
          2.7125356197357178,
          2.812535524368286,
        ]),
        histogram=list([
          0,
          0,
          0,
          0,
          0,
          8,
          0,
          0,
          0,
          0,
        ]),
      ),
      'component_2/train/learned_neuron_activity/log_activity_histogram_over_10_activations': Histogram(
        MAX_LENGTH=512,
        bins=list([
          1.8125355243682861,
          1.912535548210144,
          2.012535572052002,
          2.1125354766845703,
          2.2125356197357178,
          2.312535524368286,
          2.4125354290008545,
          2.512535572052002,
          2.6125354766845703,
          2.7125356197357178,
          2.812535524368286,
        ]),
        histogram=list([
          0,
          0,
          0,
          0,
          0,
          8,
          0,
          0,
          0,
          0,
        ]),
      ),
      'component_3/train/learned_neuron_activity/log_activity_histogram_over_10_activations': Histogram(
        MAX_LENGTH=512,
        bins=list([
          1.8125355243682861,
          1.912535548210144,
          2.012535572052002,
          2.1125354766845703,
          2.2125356197357178,
          2.312535524368286,
          2.4125354290008545,
          2.512535572052002,
          2.6125354766845703,
          2.7125356197357178,
          2.812535524368286,
        ]),
        histogram=list([
          0,
          0,
          0,
          0,
          0,
          8,
          0,
          0,
          0,
          0,
        ]),
      ),
      'component_4/train/learned_neuron_activity/log_activity_histogram_over_10_activations': Histogram(
        MAX_LENGTH=512,
        bins=list([
          1.8125355243682861,
          1.912535548210144,
          2.012535572052002,
          2.1125354766845703,
          2.2125356197357178,
          2.312535524368286,
          2.4125354290008545,
          2.512535572052002,
          2.6125354766845703,
          2.7125356197357178,
          2.812535524368286,
        ]),
        histogram=list([
          0,
          0,
          0,
          0,
          0,
          8,
          0,
          0,
          0,
          0,
        ]),
      ),
      'component_5/train/learned_neuron_activity/log_activity_histogram_over_10_activations': Histogram(
        MAX_LENGTH=512,
        bins=list([
          1.8125355243682861,
          1.912535548210144,
          2.012535572052002,
          2.1125354766845703,
          2.2125356197357178,
          2.312535524368286,
          2.4125354290008545,
          2.512535572052002,
          2.6125354766845703,
          2.7125356197357178,
          2.812535524368286,
        ]),
        histogram=list([
          0,
          0,
          0,
          0,
          0,
          8,
          0,
          0,
          0,
          0,
        ]),
      ),
    }),
    dict({
      'component_0/train/learned_neuron_activity/almost_dead_1.0e-05_over_10_activations': tensor(0),
      'component_1/train/learned_neuron_activity/almost_dead_1.0e-05_over_10_activations': tensor(0),
      'component_2/train/learned_neuron_activity/almost_dead_1.0e-05_over_10_activations': tensor(0),
      'component_3/train/learned_neuron_activity/almost_dead_1.0e-05_over_10_activations': tensor(0),
      'component_4/train/learned_neuron_activity/almost_dead_1.0e-05_over_10_activations': tensor(0),
      'component_5/train/learned_neuron_activity/almost_dead_1.0e-05_over_10_activations': tensor(0),
      'train/learned_neuron_activity/almost_dead_1.0e-05_over_10_activations/component_mean': tensor(0.),
    }),
    dict({
      'component_0/train/learned_neuron_activity/almost_dead_1.0e-06_over_10_activations': tensor(0),
      'component_1/train/learned_neuron_activity/almost_dead_1.0e-06_over_10_activations': tensor(0),
      'component_2/train/learned_neuron_activity/almost_dead_1.0e-06_over_10_activations': tensor(0),
      'component_3/train/learned_neuron_activity/almost_dead_1.0e-06_over_10_activations': tensor(0),
      'component_4/train/learned_neuron_activity/almost_dead_1.0e-06_over_10_activations': tensor(0),
      'component_5/train/learned_neuron_activity/almost_dead_1.0e-06_over_10_activations': tensor(0),
      'train/learned_neuron_activity/almost_dead_1.0e-06_over_10_activations/component_mean': tensor(0.),
    }),
  ])
# ---
