# serializer version: 1
# name: test_weights_biases_log_matches_snapshot
  list([
    dict({
      'component_0/validate/reconstruction_score/baseline_loss': tensor(0.3800),
      'component_1/validate/reconstruction_score/baseline_loss': tensor(0.5251),
      'component_2/validate/reconstruction_score/baseline_loss': tensor(0.4923),
      'component_3/validate/reconstruction_score/baseline_loss': tensor(0.4598),
      'component_4/validate/reconstruction_score/baseline_loss': tensor(0.4281),
      'component_5/validate/reconstruction_score/baseline_loss': tensor(0.4961),
      'validate/reconstruction_score/baseline_loss/component_mean': tensor(0.4636),
    }),
    dict({
      'component_0/validate/reconstruction_score/loss_with_reconstruction': tensor(0.6111),
      'component_1/validate/reconstruction_score/loss_with_reconstruction': tensor(0.5219),
      'component_2/validate/reconstruction_score/loss_with_reconstruction': tensor(0.4063),
      'component_3/validate/reconstruction_score/loss_with_reconstruction': tensor(0.6497),
      'component_4/validate/reconstruction_score/loss_with_reconstruction': tensor(0.4929),
      'component_5/validate/reconstruction_score/loss_with_reconstruction': tensor(0.3723),
      'validate/reconstruction_score/loss_with_reconstruction/component_mean': tensor(0.5090),
    }),
    dict({
      'component_0/validate/reconstruction_score/loss_with_zero_ablation': tensor(0.2891),
      'component_1/validate/reconstruction_score/loss_with_zero_ablation': tensor(0.3879),
      'component_2/validate/reconstruction_score/loss_with_zero_ablation': tensor(0.5850),
      'component_3/validate/reconstruction_score/loss_with_zero_ablation': tensor(0.4740),
      'component_4/validate/reconstruction_score/loss_with_zero_ablation': tensor(0.5452),
      'component_5/validate/reconstruction_score/loss_with_zero_ablation': tensor(0.3733),
      'validate/reconstruction_score/loss_with_zero_ablation/component_mean': tensor(0.4424),
    }),
    dict({
      'component_0/validate/reconstruction_score': tensor(3.5422),
      'component_1/validate/reconstruction_score': tensor(0.9767),
      'component_2/validate/reconstruction_score': tensor(1.9278),
      'component_3/validate/reconstruction_score': tensor(-12.3338),
      'component_4/validate/reconstruction_score': tensor(0.4468),
      'component_5/validate/reconstruction_score': tensor(-0.0081),
      'validate/reconstruction_score/component_mean': tensor(-0.9081),
    }),
  ])
# ---
